// Jest Snapshot v1, https://goo.gl/fbAQLP

exports[`SimprintsID Component renders correctly 1`] = `
<View
  style={
    {
      "backgroundColor": "rgba(255,255,255,0.6)",
      "flex": 1,
    }
  }
>
  <View
    style={
      [
        {
          "alignItems": "center",
          "backgroundColor": "#fff",
          "borderBottomColor": "#ccc",
          "borderBottomWidth": 1,
          "borderStyle": "solid",
          "flexDirection": "row",
          "paddingBottom": 5,
          "paddingTop": 5,
        },
      ]
    }
  >
    <View
      accessibilityState={
        {
          "busy": undefined,
          "checked": undefined,
          "disabled": undefined,
          "expanded": undefined,
          "selected": undefined,
        }
      }
      accessibilityValue={
        {
          "max": undefined,
          "min": undefined,
          "now": undefined,
          "text": undefined,
        }
      }
      accessible={true}
      collapsable={false}
      focusable={true}
      onClick={[Function]}
      onResponderGrant={[Function]}
      onResponderMove={[Function]}
      onResponderRelease={[Function]}
      onResponderTerminate={[Function]}
      onResponderTerminationRequest={[Function]}
      onStartShouldSetResponder={[Function]}
      style={
        {
          "alignItems": "center",
          "height": 35,
          "justifyContent": "center",
          "marginHorizontal": 4,
          "opacity": 1,
          "width": 35,
        }
      }
    >
      <Text
        allowFontScaling={false}
        selectable={false}
        style={
          [
            {
              "color": "#000",
              "fontSize": 25,
            },
            undefined,
            {
              "fontFamily": "Feather",
              "fontStyle": "normal",
              "fontWeight": "normal",
            },
            {},
          ]
        }
      >
        
      </Text>
    </View>
    <Text
      style={
        [
          {
            "alignItems": "center",
            "color": "#000",
            "flex": 2,
            "fontSize": 16,
            "fontWeight": "bold",
          },
        ]
      }
    >
      Biometrics Identification
    </Text>
  </View>
  <View
    style={
      {
        "alignItems": "center",
        "flex": 2,
        "marginVertical": 30,
        "padding": 20,
      }
    }
  >
    <Image
      source=""
      style={
        {
          "height": 70,
          "width": 70,
        }
      }
    />
    <Text
      style={
        {
          "alignItems": "center",
          "color": "#7cd2ff",
          "fontSize": 20,
          "fontWeight": "bold",
          "marginVertical": 20,
        }
      }
    >
      Mobiklinic
    </Text>
    <RCTScrollView>
      <View>
        <View
          style={
            {
              "alignItems": "center",
              "backgroundColor": "#fff",
              "flex": 1,
              "flexGrow": 1,
              "height": "100%",
              "marginVertical": 40,
            }
          }
        >
          <View
            accessibilityState={
              {
                "busy": undefined,
                "checked": undefined,
                "disabled": undefined,
                "expanded": undefined,
                "selected": undefined,
              }
            }
            accessibilityValue={
              {
                "max": undefined,
                "min": undefined,
                "now": undefined,
                "text": undefined,
              }
            }
            accessible={true}
            collapsable={false}
            focusable={true}
            onClick={[Function]}
            onResponderGrant={[Function]}
            onResponderMove={[Function]}
            onResponderRelease={[Function]}
            onResponderTerminate={[Function]}
            onResponderTerminationRequest={[Function]}
            onStartShouldSetResponder={[Function]}
            style={
              {
                "backgroundColor": "#000",
                "borderRadius": 10,
                "marginBottom": 10,
                "marginTop": 10,
                "opacity": 1,
                "paddingHorizontal": 20,
                "paddingVertical": 10,
              }
            }
          >
            <Text
              style={
                {
                  "color": "#fff",
                  "fontSize": 18,
                  "fontWeight": "bold",
                  "textAlign": "center",
                }
              }
            >
              Start Registration
            </Text>
          </View>
          <View
            style={
              {
                "height": 10,
              }
            }
          />
          <View
            accessibilityState={
              {
                "busy": undefined,
                "checked": undefined,
                "disabled": undefined,
                "expanded": undefined,
                "selected": undefined,
              }
            }
            accessibilityValue={
              {
                "max": undefined,
                "min": undefined,
                "now": undefined,
                "text": undefined,
              }
            }
            accessible={true}
            collapsable={false}
            focusable={true}
            onClick={[Function]}
            onResponderGrant={[Function]}
            onResponderMove={[Function]}
            onResponderRelease={[Function]}
            onResponderTerminate={[Function]}
            onResponderTerminationRequest={[Function]}
            onStartShouldSetResponder={[Function]}
            style={
              {
                "backgroundColor": "#000",
                "borderRadius": 10,
                "marginBottom": 10,
                "marginTop": 10,
                "opacity": 1,
                "paddingHorizontal": 20,
                "paddingVertical": 10,
              }
            }
          >
            <Text
              style={
                {
                  "color": "#fff",
                  "fontSize": 18,
                  "fontWeight": "bold",
                  "textAlign": "center",
                }
              }
            >
              Identify Beneficiary
            </Text>
          </View>
        </View>
      </View>
    </RCTScrollView>
    <View
      style={
        {
          "alignItems": "center",
          "backgroundColor": "#fff",
          "flex": 1,
          "flexGrow": 1,
          "height": "100%",
          "marginVertical": 40,
        }
      }
    >
      <View>
        <Text
          style={
            {
              "color": "#888",
              "fontSize": 12,
              "marginTop": 80,
              "textAlign": "center",
            }
          }
        >
          © 
          2023
           Mobiklinic. All rights reserved.
        </Text>
      </View>
    </View>
  </View>
</View>
`;
